
<!-- base.hbs -->
<html>
<head>
  <title>
     About 
  </title>
</head>
<body>
  header
  ABOUT
  footer
</body>
</html>